// Jest Snapshot v1, https://goo.gl/fbAQLP

exports[`Serializer() 👍 should return serialized user with meta 1`] = `"{\\"jsonapi\\":{\\"version\\":\\"1.0\\"},\\"meta\\":{\\"meta\\":\\"object\\"},\\"links\\":{\\"index\\":\\"/users\\"},\\"data\\":{\\"type\\":\\"user\\",\\"id\\":\\"0ae76c84-d939-456d-bb35-f60b7659ed6b\\",\\"attributes\\":{\\"email\\":\\"email2@domain.com\\",\\"role\\":\\"user\\"},\\"links\\":{\\"self\\":\\"/users/0ae76c84-d939-456d-bb35-f60b7659ed6b\\"}}}"`;

exports[`Serializer() 👎 should return empty user and empty meta 1`] = `"{\\"jsonapi\\":{\\"version\\":\\"1.0\\"},\\"links\\":{\\"index\\":\\"/users\\"},\\"data\\":null}"`;
